// Jest Snapshot v1, https://goo.gl/fbAQLP

exports[`Pruebas en <GifGridItem /> debe mostrar <GifGridItem /> correctamente 1`] = `
<div
  className="card animate__animated animate__bounceInLeft"
>
  <img
    alt="Un titulo"
    src="https://localhost/algo.jpg"
  />
  <p>
     
    Un titulo
     
  </p>
</div>
`;
